--------------------------------------------------------------------------------
Lattice Synthesis Timing Report, Version  
Wed Aug 17 12:52:43 2022

Copyright (c) 1991-1994 by NeoCAD Inc. All rights reserved.
Copyright (c) 1995 AT&T Corp.   All rights reserved.
Copyright (c) 1995-2001 Lucent Technologies Inc.  All rights reserved.
Copyright (c) 2001 Agere Systems   All rights reserved.
Copyright (c) 2002-2020 Lattice Semiconductor Corporation,  All rights reserved.

Report Information
------------------
Design:     top
Constraint file:  
Report level:    verbose report, limited to 3 items per constraint
--------------------------------------------------------------------------------



================================================================================
Constraint: create_clock -period 5.000000 -name clk0 [get_nets fpga_clock]
            551 items scored, 145 timing errors detected.
--------------------------------------------------------------------------------


Error:  The following path violates requirements by 1.586ns

 Logical Details:  Cell type  Pin type       Cell name  (clock net +/-)

   Source:         FD1P3AX    CK             \counter/counter_10__i0  (from fpga_clock +)
   Destination:    FD1P3AX    D              \counter/counter_10__i31  (to fpga_clock +)

   Delay:                   6.426ns  (65.7% logic, 34.3% route), 18 logic levels.

 Constraint Details:

      6.426ns data_path \counter/counter_10__i0 to \counter/counter_10__i31 violates
      5.000ns delay constraint less
      0.160ns L_S requirement (totaling 4.840ns) by 1.586ns

 Path Details: \counter/counter_10__i0 to \counter/counter_10__i31

   Name    Fanout   Delay (ns)          Pins               Resource(Cell.Net)
L_CO        ---     0.444             CK to Q              \counter/counter_10__i0 (from fpga_clock)
Route         1   e 0.941                                  \counter/n32
A1_TO_FCO   ---     0.827           A[2] to COUT           \counter/counter_10_add_4_1
Route         1   e 0.020                                  \counter/n42
FCI_TO_FCO  ---     0.157            CIN to COUT           \counter/counter_10_add_4_3
Route         1   e 0.020                                  \counter/n43
FCI_TO_FCO  ---     0.157            CIN to COUT           \counter/counter_10_add_4_5
Route         1   e 0.020                                  \counter/n44
FCI_TO_FCO  ---     0.157            CIN to COUT           \counter/counter_10_add_4_7
Route         1   e 0.020                                  \counter/n45
FCI_TO_FCO  ---     0.157            CIN to COUT           \counter/counter_10_add_4_9
Route         1   e 0.020                                  \counter/n46
FCI_TO_FCO  ---     0.157            CIN to COUT           \counter/counter_10_add_4_11
Route         1   e 0.020                                  \counter/n47
FCI_TO_FCO  ---     0.157            CIN to COUT           \counter/counter_10_add_4_13
Route         1   e 0.020                                  \counter/n48
FCI_TO_FCO  ---     0.157            CIN to COUT           \counter/counter_10_add_4_15
Route         1   e 0.020                                  \counter/n49
FCI_TO_FCO  ---     0.157            CIN to COUT           \counter/counter_10_add_4_17
Route         1   e 0.020                                  \counter/n50
FCI_TO_FCO  ---     0.157            CIN to COUT           \counter/counter_10_add_4_19
Route         1   e 0.020                                  \counter/n51
FCI_TO_FCO  ---     0.157            CIN to COUT           \counter/counter_10_add_4_21
Route         1   e 0.020                                  \counter/n52
FCI_TO_FCO  ---     0.157            CIN to COUT           \counter/counter_10_add_4_23
Route         1   e 0.020                                  \counter/n53
FCI_TO_FCO  ---     0.157            CIN to COUT           \counter/counter_10_add_4_25
Route         1   e 0.020                                  \counter/n54
FCI_TO_FCO  ---     0.157            CIN to COUT           \counter/counter_10_add_4_27
Route         1   e 0.020                                  \counter/n55
FCI_TO_FCO  ---     0.157            CIN to COUT           \counter/counter_10_add_4_29
Route         1   e 0.020                                  \counter/n56
FCI_TO_FCO  ---     0.157            CIN to COUT           \counter/counter_10_add_4_31
Route         1   e 0.020                                  \counter/n57
FCI_TO_F    ---     0.598            CIN to S[2]           \counter/counter_10_add_4_33
Route         1   e 0.941                                  \counter/n134
                  --------
                    6.426  (65.7% logic, 34.3% route), 18 logic levels.


Error:  The following path violates requirements by 1.409ns

 Logical Details:  Cell type  Pin type       Cell name  (clock net +/-)

   Source:         FD1P3AX    CK             \counter/counter_10__i0  (from fpga_clock +)
   Destination:    FD1P3AX    D              \counter/counter_10__i30  (to fpga_clock +)

   Delay:                   6.249ns  (65.1% logic, 34.9% route), 17 logic levels.

 Constraint Details:

      6.249ns data_path \counter/counter_10__i0 to \counter/counter_10__i30 violates
      5.000ns delay constraint less
      0.160ns L_S requirement (totaling 4.840ns) by 1.409ns

 Path Details: \counter/counter_10__i0 to \counter/counter_10__i30

   Name    Fanout   Delay (ns)          Pins               Resource(Cell.Net)
L_CO        ---     0.444             CK to Q              \counter/counter_10__i0 (from fpga_clock)
Route         1   e 0.941                                  \counter/n32
A1_TO_FCO   ---     0.827           A[2] to COUT           \counter/counter_10_add_4_1
Route         1   e 0.020                                  \counter/n42
FCI_TO_FCO  ---     0.157            CIN to COUT           \counter/counter_10_add_4_3
Route         1   e 0.020                                  \counter/n43
FCI_TO_FCO  ---     0.157            CIN to COUT           \counter/counter_10_add_4_5
Route         1   e 0.020                                  \counter/n44
FCI_TO_FCO  ---     0.157            CIN to COUT           \counter/counter_10_add_4_7
Route         1   e 0.020                                  \counter/n45
FCI_TO_FCO  ---     0.157            CIN to COUT           \counter/counter_10_add_4_9
Route         1   e 0.020                                  \counter/n46
FCI_TO_FCO  ---     0.157            CIN to COUT           \counter/counter_10_add_4_11
Route         1   e 0.020                                  \counter/n47
FCI_TO_FCO  ---     0.157            CIN to COUT           \counter/counter_10_add_4_13
Route         1   e 0.020                                  \counter/n48
FCI_TO_FCO  ---     0.157            CIN to COUT           \counter/counter_10_add_4_15
Route         1   e 0.020                                  \counter/n49
FCI_TO_FCO  ---     0.157            CIN to COUT           \counter/counter_10_add_4_17
Route         1   e 0.020                                  \counter/n50
FCI_TO_FCO  ---     0.157            CIN to COUT           \counter/counter_10_add_4_19
Route         1   e 0.020                                  \counter/n51
FCI_TO_FCO  ---     0.157            CIN to COUT           \counter/counter_10_add_4_21
Route         1   e 0.020                                  \counter/n52
FCI_TO_FCO  ---     0.157            CIN to COUT           \counter/counter_10_add_4_23
Route         1   e 0.020                                  \counter/n53
FCI_TO_FCO  ---     0.157            CIN to COUT           \counter/counter_10_add_4_25
Route         1   e 0.020                                  \counter/n54
FCI_TO_FCO  ---     0.157            CIN to COUT           \counter/counter_10_add_4_27
Route         1   e 0.020                                  \counter/n55
FCI_TO_FCO  ---     0.157            CIN to COUT           \counter/counter_10_add_4_29
Route         1   e 0.020                                  \counter/n56
FCI_TO_F    ---     0.598            CIN to S[2]           \counter/counter_10_add_4_31
Route         1   e 0.941                                  \counter/n135
                  --------
                    6.249  (65.1% logic, 34.9% route), 17 logic levels.


Error:  The following path violates requirements by 1.409ns

 Logical Details:  Cell type  Pin type       Cell name  (clock net +/-)

   Source:         FD1P3AX    CK             \counter/counter_10__i0  (from fpga_clock +)
   Destination:    FD1P3AX    D              \counter/counter_10__i29  (to fpga_clock +)

   Delay:                   6.249ns  (65.1% logic, 34.9% route), 17 logic levels.

 Constraint Details:

      6.249ns data_path \counter/counter_10__i0 to \counter/counter_10__i29 violates
      5.000ns delay constraint less
      0.160ns L_S requirement (totaling 4.840ns) by 1.409ns

 Path Details: \counter/counter_10__i0 to \counter/counter_10__i29

   Name    Fanout   Delay (ns)          Pins               Resource(Cell.Net)
L_CO        ---     0.444             CK to Q              \counter/counter_10__i0 (from fpga_clock)
Route         1   e 0.941                                  \counter/n32
A1_TO_FCO   ---     0.827           A[2] to COUT           \counter/counter_10_add_4_1
Route         1   e 0.020                                  \counter/n42
FCI_TO_FCO  ---     0.157            CIN to COUT           \counter/counter_10_add_4_3
Route         1   e 0.020                                  \counter/n43
FCI_TO_FCO  ---     0.157            CIN to COUT           \counter/counter_10_add_4_5
Route         1   e 0.020                                  \counter/n44
FCI_TO_FCO  ---     0.157            CIN to COUT           \counter/counter_10_add_4_7
Route         1   e 0.020                                  \counter/n45
FCI_TO_FCO  ---     0.157            CIN to COUT           \counter/counter_10_add_4_9
Route         1   e 0.020                                  \counter/n46
FCI_TO_FCO  ---     0.157            CIN to COUT           \counter/counter_10_add_4_11
Route         1   e 0.020                                  \counter/n47
FCI_TO_FCO  ---     0.157            CIN to COUT           \counter/counter_10_add_4_13
Route         1   e 0.020                                  \counter/n48
FCI_TO_FCO  ---     0.157            CIN to COUT           \counter/counter_10_add_4_15
Route         1   e 0.020                                  \counter/n49
FCI_TO_FCO  ---     0.157            CIN to COUT           \counter/counter_10_add_4_17
Route         1   e 0.020                                  \counter/n50
FCI_TO_FCO  ---     0.157            CIN to COUT           \counter/counter_10_add_4_19
Route         1   e 0.020                                  \counter/n51
FCI_TO_FCO  ---     0.157            CIN to COUT           \counter/counter_10_add_4_21
Route         1   e 0.020                                  \counter/n52
FCI_TO_FCO  ---     0.157            CIN to COUT           \counter/counter_10_add_4_23
Route         1   e 0.020                                  \counter/n53
FCI_TO_FCO  ---     0.157            CIN to COUT           \counter/counter_10_add_4_25
Route         1   e 0.020                                  \counter/n54
FCI_TO_FCO  ---     0.157            CIN to COUT           \counter/counter_10_add_4_27
Route         1   e 0.020                                  \counter/n55
FCI_TO_FCO  ---     0.157            CIN to COUT           \counter/counter_10_add_4_29
Route         1   e 0.020                                  \counter/n56
FCI_TO_F    ---     0.598            CIN to S[2]           \counter/counter_10_add_4_31
Route         1   e 0.941                                  \counter/n136
                  --------
                    6.249  (65.1% logic, 34.9% route), 17 logic levels.

Warning: 6.586 ns is the maximum delay for this constraint.


Timing Report Summary
--------------
--------------------------------------------------------------------------------
Constraint                              |   Constraint|       Actual|Levels
--------------------------------------------------------------------------------
                                        |             |             |
create_clock -period 5.000000 -name     |             |             |
clk0 [get_nets fpga_clock]              |     5.000 ns|     6.586 ns|    18 *
                                        |             |             |
--------------------------------------------------------------------------------


1 constraints not met.

--------------------------------------------------------------------------------
Critical Nets                           |   Loads|  Errors| % of total
--------------------------------------------------------------------------------
\counter/n49                            |       1|     143|     98.62%
                                        |        |        |
\counter/n50                            |       1|     143|     98.62%
                                        |        |        |
\counter/n48                            |       1|     137|     94.48%
                                        |        |        |
\counter/n51                            |       1|     137|     94.48%
                                        |        |        |
\counter/n47                            |       1|     127|     87.59%
                                        |        |        |
\counter/n52                            |       1|     127|     87.59%
                                        |        |        |
\counter/n46                            |       1|     113|     77.93%
                                        |        |        |
\counter/n53                            |       1|     113|     77.93%
                                        |        |        |
\counter/n45                            |       1|      95|     65.52%
                                        |        |        |
\counter/n54                            |       1|      95|     65.52%
                                        |        |        |
\counter/n44                            |       1|      73|     50.34%
                                        |        |        |
\counter/n55                            |       1|      73|     50.34%
                                        |        |        |
\counter/n43                            |       1|      47|     32.41%
                                        |        |        |
\counter/n56                            |       1|      47|     32.41%
                                        |        |        |
\counter/n32                            |       1|      17|     11.72%
                                        |        |        |
\counter/n42                            |       1|      17|     11.72%
                                        |        |        |
\counter/n57                            |       1|      17|     11.72%
                                        |        |        |
\counter/n134                           |       1|      17|     11.72%
                                        |        |        |
\counter/n30                            |       1|      15|     10.34%
                                        |        |        |
\counter/n31                            |       1|      15|     10.34%
                                        |        |        |
\counter/n135                           |       1|      15|     10.34%
                                        |        |        |
\counter/n136                           |       1|      15|     10.34%
                                        |        |        |
--------------------------------------------------------------------------------


Timing summary:
---------------

Timing errors: 145  Score: 85538

Constraints cover  551 paths, 89 nets, and 136 connections (73.9% coverage)


Peak memory: 60579840 bytes, TRCE: 2310144 bytes, DLYMAN: 0 bytes
CPU_TIME_REPORT: 0 secs 
